exports[`HomeContainer:  renders correctly 1`] = `null`;
